../Core/Src/main.c:62:6:Apagar_LEDs	8	static
../Core/Src/main.c:67:6:Ejecutar_Secuencia_1	8	static
../Core/Src/main.c:82:6:Ejecutar_Secuencia_2	8	static
../Core/Src/main.c:88:6:Ejecutar_Secuencia_3	16	static
../Core/Src/main.c:108:6:Ejecutar_Secuencia_4	8	static
../Core/Src/main.c:124:5:main	16	static
../Core/Src/main.c:199:6:SystemClock_Config	88	static
../Core/Src/main.c:246:13:MX_USART3_UART_Init	8	static
../Core/Src/main.c:279:13:MX_GPIO_Init	48	static
../Core/Src/main.c:322:6:Error_Handler	4	static,ignoring_inline_asm
